`[38;5;57mâœ±[0m [38;5;2m17 results[0m in [38;5;2m421ms[0m from [38;5;2m42 Repositories[0m
`
