`[38;5;2msourcegraph/sourcegraph[0m[38;5;239m ([0m[38;5;23mhttps://sourcegraph.com/sourcegraph/sourcegraph[0m[38;5;239m)[0m[38;5;2m (1 match)[0m
`
