`[38;5;23morg/repo[0m â€º [38;5;69mpath/to/file[0m[38;5;2m (1 match)[0m
[38;5;239m--------------------------------------------------------------------------------
[0m  [38;5;69m     5[0m[38;5;239m |  [0mfoo [38;5;0m[48;5;11mbar[0m

`
