`[38;5;23morg/repo[0m â€º [38;5;69mpath/to/file[0m[38;5;2m (1 match)[0m
[38;5;239m--------------------------------------------------------------------------------
[0m[38;5;2mdoResults[0m(FUNCTION)[38;5;239m ([0m[38;5;23mhttps://sourcegraph.com/github.com/sourcegraph/sourcegraph/-/blob/cmd/frontend/graphqlbackend/search_results.go#L1591:26-1591:35[0m[38;5;239m)
[0m
`
